Executed command gcc obj/a.o obj/c.o obj/d.o obj/e.o -o bin/caz
